[movie] 1900 +  23  누적 23
[movie] 1901 +  18  누적 41
[movie] 1902 +   8  누적 49
[movie] 1903 +  19  누적 68
[movie] 1904 +   5  누적 73
[movie] 1905 +  10  누적 83
[movie] 1906 +  10  누적 93
[movie] 1907 +  12  누적 105
[movie] 1908 +   7  누적 112
[movie] 1909 +   9  누적 121
[movie] 1910 +   5  누적 126
[movie] 1911 +   4  누적 130
[movie] 1912 +  10  누적 140
[movie] 1913 +  10  누적 150
[movie] 1914 +  39  누적 189
[movie] 1915 +  23  누적 212
[movie] 1916 +  14  누적 226
[movie] 1917 +  14  누적 240
[movie] 1918 +  15  누적 255
[movie] 1919 +  16  누적 271
[movie] 1920 +  25  누적 296
[movie] 1921 +  23  누적 319
[movie] 1922 +  20  누적 339
[movie] 1923 +  20  누적 359
[movie] 1924 +  25  누적 384
[movie] 1925 +  23  누적 407
[movie] 1926 +  25  누적 432
[movie] 1927 +  32  누적 464
[movie] 1928 +  49  누적 513
[movie] 1929 +  60  누적 573
[movie] 1930 +  45  누적 618
[movie] 1931 +  71  누적 689
[movie] 1932 +  76  누적 765
[movie] 1933 +  73  누적 838
[movie] 1934 +  71  누적 909
[movie] 1935 +  74  누적 983
[movie] 1936 +  86  누적 1,069
[movie] 1937 +  69  누적 1,138
[movie] 1938 +  71  누적 1,209
[movie] 1939 +  85  누적 1,294
[movie] 1940 +  91  누적 1,385
[movie] 1941 + 107  누적 1,492
[movie] 1942 + 115  누적 1,607
[movie] 1943 + 113  누적 1,720
[movie] 1944 +  95  누적 1,815
[movie] 1945 +  92  누적 1,907
[movie] 1946 + 107  누적 2,014
[movie] 1947 + 115  누적 2,129
[movie] 1948 + 119  누적 2,248
[movie] 1949 + 140  누적 2,388
[movie] 1950 + 138  누적 2,526
[movie] 1951 + 143  누적 2,669
[movie] 1952 + 143  누적 2,812
[movie] 1953 + 148  누적 2,960
[movie] 1954 + 154  누적 3,114
[movie] 1955 + 169  누적 3,283
[movie] 1956 + 162  누적 3,445
[movie] 1957 + 178  누적 3,623
[movie] 1958 + 173  누적 3,796
[movie] 1959 + 183  누적 3,979
[movie] 1960 + 166  누적 4,145
[movie] 1961 + 159  누적 4,304
[movie] 1962 + 174  누적 4,478
[movie] 1963 + 182  누적 4,660
[movie] 1964 + 209  누적 4,869
[movie] 1965 + 209  누적 5,078
[movie] 1966 + 225  누적 5,303
[movie] 1967 + 230  누적 5,533
[movie] 1968 + 227  누적 5,760
[movie] 1969 + 229  누적 5,989
[movie] 1970 + 239  누적 6,228
[movie] 1971 + 284  누적 6,512
[movie] 1972 + 282  누적 6,794
[movie] 1973 + 276  누적 7,070
[movie] 1974 + 270  누적 7,340
[movie] 1975 + 248  누적 7,588
[movie] 1976 + 280  누적 7,868
[movie] 1977 + 275  누적 8,143
[movie] 1978 + 264  누적 8,407
[movie] 1979 + 281  누적 8,688
[movie] 1980 + 310  누적 8,998
[movie] 1981 + 309  누적 9,307
[movie] 1982 + 320  누적 9,627
[movie] 1983 + 329  누적 9,956
[movie] 1984 + 342  누적 10,298
[movie] 1985 + 334  누적 10,632
[movie] 1986 + 354  누적 10,986
[movie] 1987 + 413  누적 11,399
[movie] 1988 + 432  누적 11,831
[movie] 1989 + 424  누적 12,255
[movie] 1990 + 392  누적 12,647
[movie] 1991 + 390  누적 13,037
[movie] 1992 + 409  누적 13,446
[movie] 1993 + 427  누적 13,873
[movie] 1994 + 422  누적 14,295
[movie] 1995 + 440  누적 14,735
[movie] 1996 + 469  누적 15,204
[movie] 1997 + 502  누적 15,706
[movie] 1998 + 523  누적 16,229
[movie] 1999 + 567  누적 16,796
[movie] 2000 + 586  누적 17,382
[movie] 2001 + 645  누적 18,027
[movie] 2002 + 651  누적 18,678
[movie] 2003 + 724  누적 19,402
[movie] 2004 + 786  누적 20,188
[movie] 2005 + 853  누적 21,041
[movie] 2006 +1032  누적 22,073
[movie] 2007 +1040  누적 23,113
[movie] 2008 +1097  누적 24,210
[movie] 2009 +1195  누적 25,405
[movie] 2010 +1183  누적 26,588
[movie] 2011 +1316  누적 27,904
[movie] 2012 +1361  누적 29,265
[movie] 2013 +1525  누적 30,790
[movie] 2014 +1637  누적 32,427
[movie] 2015 +1711  누적 34,138
[movie] 2016 +1784  누적 35,922
[movie] 2017 +1916  누적 37,838
[movie] 2018 +1911  누적 39,749
[movie] 2019 +1960  누적 41,709
[movie] 2020 +1503  누적 43,212
[movie] 2021 +1511  누적 44,723
[movie] 2022 +1634  누적 46,357
[movie] 2023 +1473  누적 47,830
[movie] 2024 +1257  누적 49,087
[movie] 2025 +1003  누적 50,090
[movie] 2026 + 349  누적 50,439
[movie] 완료 총 50,439건 → /home/ubuntu/-AOD-All-of-Dopamine-AI/recommendation/tmdb/data/movie_discover.jsonl
[tv] 1949 +   1  누적 1
[tv] 1951 +   2  누적 3
[tv] 1952 +   3  누적 6
[tv] 1953 +   1  누적 7
[tv] 1954 +   2  누적 9
[tv] 1955 +   3  누적 12
[tv] 1956 +   1  누적 13
[tv] 1957 +   7  누적 20
[tv] 1958 +   5  누적 25
[tv] 1959 +   9  누적 34
[tv] 1960 +   5  누적 39
[tv] 1961 +   5  누적 44
[tv] 1962 +  10  누적 54
[tv] 1963 +   6  누적 60
[tv] 1964 +  13  누적 73
[tv] 1965 +  13  누적 86
[tv] 1966 +  15  누적 101
[tv] 1967 +  15  누적 116
[tv] 1968 +  12  누적 128
[tv] 1969 +  11  누적 139
[tv] 1970 +   9  누적 148
[tv] 1971 +   8  누적 156
[tv] 1972 +  19  누적 175
[tv] 1973 +  16  누적 191
[tv] 1974 +  18  누적 209
[tv] 1975 +  21  누적 230
[tv] 1976 +  22  누적 252
[tv] 1977 +  22  누적 274
[tv] 1978 +  29  누적 303
[tv] 1979 +  28  누적 331
[tv] 1980 +  22  누적 353
[tv] 1981 +  27  누적 380
[tv] 1982 +  23  누적 403
[tv] 1983 +  32  누적 435
[tv] 1984 +  38  누적 473
[tv] 1985 +  49  누적 522
[tv] 1986 +  34  누적 556
[tv] 1987 +  41  누적 597
[tv] 1988 +  38  누적 635
[tv] 1989 +  36  누적 671
[tv] 1990 +  38  누적 709
[tv] 1991 +  36  누적 745
[tv] 1992 +  46  누적 791
[tv] 1993 +  60  누적 851
[tv] 1994 +  62  누적 913
[tv] 1995 +  56  누적 969
[tv] 1996 +  64  누적 1,033
[tv] 1997 +  63  누적 1,096
[tv] 1998 +  71  누적 1,167
[tv] 1999 +  96  누적 1,263
[tv] 2000 +  77  누적 1,340
[tv] 2001 +  93  누적 1,433
[tv] 2002 + 111  누적 1,544
[tv] 2003 + 108  누적 1,652
[tv] 2004 + 131  누적 1,783
[tv] 2005 + 167  누적 1,950
[tv] 2006 + 144  누적 2,094
[tv] 2007 + 152  누적 2,246
[tv] 2008 + 139  누적 2,385
[tv] 2009 + 185  누적 2,570
[tv] 2010 + 210  누적 2,780
[tv] 2011 + 251  누적 3,031
[tv] 2012 + 242  누적 3,273
[tv] 2013 + 281  누적 3,554
[tv] 2014 + 295  누적 3,849
[tv] 2015 + 358  누적 4,207
[tv] 2016 + 421  누적 4,628
[tv] 2017 + 413  누적 5,041
[tv] 2018 + 487  누적 5,528
[tv] 2019 + 540  누적 6,068
[tv] 2020 + 597  누적 6,665
[tv] 2021 + 606  누적 7,271
[tv] 2022 + 660  누적 7,931
[tv] 2023 + 594  누적 8,525
[tv] 2024 + 485  누적 9,010
[tv] 2025 + 401  누적 9,411
[tv] 2026 + 178  누적 9,589
[tv] 완료 총 9,589건 → /home/ubuntu/-AOD-All-of-Dopamine-AI/recommendation/tmdb/data/tv_discover.jsonl
