Warning: You are sending unauthenticated requests to the HF Hub. Please set a HF_TOKEN to enable higher rate limits and faster downloads.
코퍼스 59,780건  (영화 50,301 · 드라마 9,479)
  한국어 33,728 · 영어보완 26,052
  키워드 0개 9,674 (16.2%)
  semantic_text 길이 중앙 326자
Loading weights:   0%|          | 0/310 [00:00<?, ?it/s]Loading weights:  51%|█████     | 158/310 [00:00<00:00, 1534.61it/s]Loading weights: 100%|██████████| 310/310 [00:00<00:00, 1514.71it/s]
/home/ubuntu/-AOD-All-of-Dopamine-AI/recommendation/tmdb/scripts/build_tmdb_artifacts.py:81: FutureWarning: The `get_sentence_embedding_dimension` method has been renamed to `get_embedding_dimension`.
  dim = int(model.get_sentence_embedding_dimension())

임베딩 59,780건 (device=cpu batch=4 dim=1024) | cgroup 5.25GB (페이지 캐시 1.19GB 반환)
  256/59,780  2.74 items/s  남은 6.0h  RSS 3.06GB cg 5.20GB
  512/59,780  2.16 items/s  남은 7.6h  RSS 3.04GB cg 5.16GB
  768/59,780  2.04 items/s  남은 8.0h  RSS 3.07GB cg 5.17GB
  1,024/59,780  1.95 items/s  남은 8.4h  RSS 3.00GB cg 4.95GB
  1,280/59,780  1.92 items/s  남은 8.5h  RSS 3.07GB cg 5.13GB
  1,536/59,780  1.89 items/s  남은 8.5h  RSS 3.06GB cg 5.06GB
  1,792/59,780  1.90 items/s  남은 8.5h  RSS 3.03GB cg 5.07GB
  2,048/59,780  1.88 items/s  남은 8.5h  RSS 3.05GB cg 5.22GB
  2,304/59,780  1.87 items/s  남은 8.5h  RSS 3.10GB cg 5.13GB
  2,560/59,780  1.86 items/s  남은 8.5h  RSS 3.11GB cg 5.16GB
  2,816/59,780  1.86 items/s  남은 8.5h  RSS 3.13GB cg 5.10GB
  3,072/59,780  1.83 items/s  남은 8.6h  RSS 3.08GB cg 5.14GB
  3,328/59,780  1.81 items/s  남은 8.6h  RSS 3.13GB cg 5.11GB
  3,584/59,780  1.81 items/s  남은 8.6h  RSS 3.09GB cg 5.09GB
  3,840/59,780  1.79 items/s  남은 8.7h  RSS 3.08GB cg 5.07GB
  4,096/59,780  1.79 items/s  남은 8.7h  RSS 3.10GB cg 5.13GB
  4,352/59,780  1.77 items/s  남은 8.7h  RSS 3.12GB cg 5.15GB
  4,608/59,780  1.77 items/s  남은 8.7h  RSS 3.09GB cg 5.05GB
  4,864/59,780  1.76 items/s  남은 8.7h  RSS 3.09GB cg 5.11GB
  5,120/59,780  1.76 items/s  남은 8.6h  RSS 3.13GB cg 5.10GB
  5,376/59,780  1.75 items/s  남은 8.6h  RSS 3.12GB cg 5.11GB
  5,632/59,780  1.75 items/s  남은 8.6h  RSS 3.09GB cg 5.08GB
  5,888/59,780  1.75 items/s  남은 8.6h  RSS 3.10GB cg 5.10GB
  6,144/59,780  1.75 items/s  남은 8.5h  RSS 3.07GB cg 5.07GB
  6,400/59,780  1.74 items/s  남은 8.5h  RSS 3.14GB cg 5.15GB
  6,656/59,780  1.74 items/s  남은 8.5h  RSS 3.14GB cg 5.10GB
  6,912/59,780  1.74 items/s  남은 8.4h  RSS 3.13GB cg 5.14GB
  7,168/59,780  1.74 items/s  남은 8.4h  RSS 3.10GB cg 5.14GB
  7,424/59,780  1.74 items/s  남은 8.4h  RSS 3.12GB cg 5.13GB
  7,680/59,780  1.73 items/s  남은 8.3h  RSS 3.14GB cg 5.14GB
  7,936/59,780  1.74 items/s  남은 8.3h  RSS 3.10GB cg 5.08GB
  8,192/59,780  1.73 items/s  남은 8.3h  RSS 3.13GB cg 5.13GB
  8,448/59,780  1.73 items/s  남은 8.2h  RSS 3.13GB cg 5.12GB
  8,704/59,780  1.72 items/s  남은 8.2h  RSS 3.11GB cg 5.11GB
  8,960/59,780  1.73 items/s  남은 8.2h  RSS 3.14GB cg 5.14GB
  9,216/59,780  1.72 items/s  남은 8.2h  RSS 3.14GB cg 5.21GB
  9,472/59,780  1.72 items/s  남은 8.1h  RSS 3.07GB cg 5.07GB
  9,728/59,780  1.71 items/s  남은 8.1h  RSS 3.10GB cg 5.13GB
  9,984/59,780  1.71 items/s  남은 8.1h  RSS 3.05GB cg 5.02GB
  10,240/59,780  1.71 items/s  남은 8.1h  RSS 3.11GB cg 5.13GB
  10,496/59,780  1.70 items/s  남은 8.1h  RSS 3.12GB cg 5.13GB
  10,752/59,780  1.69 items/s  남은 8.0h  RSS 3.10GB cg 5.15GB
  11,008/59,780  1.69 items/s  남은 8.0h  RSS 3.08GB cg 5.13GB
  11,264/59,780  1.69 items/s  남은 8.0h  RSS 3.08GB cg 5.10GB
  11,520/59,780  1.68 items/s  남은 8.0h  RSS 3.09GB cg 5.11GB
  11,776/59,780  1.67 items/s  남은 8.0h  RSS 3.10GB cg 5.19GB
  12,032/59,780  1.67 items/s  남은 8.0h  RSS 3.11GB cg 5.14GB
  12,288/59,780  1.66 items/s  남은 7.9h  RSS 3.13GB cg 5.14GB
  12,544/59,780  1.65 items/s  남은 7.9h  RSS 3.10GB cg 5.10GB
  12,800/59,780  1.64 items/s  남은 7.9h  RSS 3.13GB cg 5.18GB
  13,056/59,780  1.64 items/s  남은 7.9h  RSS 3.10GB cg 5.08GB
  13,312/59,780  1.63 items/s  남은 7.9h  RSS 3.14GB cg 5.15GB
  13,568/59,780  1.62 items/s  남은 7.9h  RSS 3.13GB cg 5.08GB
  13,824/59,780  1.61 items/s  남은 7.9h  RSS 3.11GB cg 5.06GB
  14,080/59,780  1.60 items/s  남은 7.9h  RSS 3.14GB cg 5.13GB
  14,336/59,780  1.60 items/s  남은 7.9h  RSS 3.16GB cg 5.19GB
  14,592/59,780  1.59 items/s  남은 7.9h  RSS 3.14GB cg 5.10GB
  14,848/59,780  1.58 items/s  남은 7.9h  RSS 3.15GB cg 5.14GB
  15,104/59,780  1.57 items/s  남은 7.9h  RSS 3.14GB cg 4.64GB
  15,360/59,780  1.56 items/s  남은 7.9h  RSS 3.15GB cg 4.35GB
  15,616/59,780  1.56 items/s  남은 7.9h  RSS 3.08GB cg 4.00GB
  15,872/59,780  1.55 items/s  남은 7.9h  RSS 3.14GB cg 4.09GB
  16,128/59,780  1.55 items/s  남은 7.8h  RSS 3.12GB cg 4.04GB
  16,384/59,780  1.55 items/s  남은 7.8h  RSS 3.14GB cg 4.11GB
  16,640/59,780  1.54 items/s  남은 7.8h  RSS 3.08GB cg 4.08GB
  16,896/59,780  1.54 items/s  남은 7.7h  RSS 3.11GB cg 4.05GB
  17,152/59,780  1.54 items/s  남은 7.7h  RSS 3.16GB cg 4.08GB
  17,408/59,780  1.54 items/s  남은 7.7h  RSS 3.15GB cg 4.15GB
  17,664/59,780  1.53 items/s  남은 7.6h  RSS 3.14GB cg 4.10GB
  17,920/59,780  1.53 items/s  남은 7.6h  RSS 3.15GB cg 4.07GB
  18,176/59,780  1.53 items/s  남은 7.6h  RSS 3.14GB cg 4.09GB
  18,432/59,780  1.52 items/s  남은 7.5h  RSS 3.11GB cg 4.04GB
  18,688/59,780  1.52 items/s  남은 7.5h  RSS 3.11GB cg 4.06GB
  18,944/59,780  1.52 items/s  남은 7.5h  RSS 3.14GB cg 4.19GB
  19,200/59,780  1.52 items/s  남은 7.4h  RSS 3.11GB cg 4.03GB
  19,456/59,780  1.52 items/s  남은 7.4h  RSS 3.11GB cg 4.04GB
  19,712/59,780  1.51 items/s  남은 7.4h  RSS 3.16GB cg 4.12GB
  19,968/59,780  1.51 items/s  남은 7.3h  RSS 3.10GB cg 4.05GB
  20,224/59,780  1.51 items/s  남은 7.3h  RSS 3.09GB cg 4.02GB
  20,480/59,780  1.51 items/s  남은 7.2h  RSS 3.11GB cg 4.07GB
  20,736/59,780  1.51 items/s  남은 7.2h  RSS 3.11GB cg 4.06GB
  20,992/59,780  1.51 items/s  남은 7.1h  RSS 3.07GB cg 3.99GB
  21,248/59,780  1.51 items/s  남은 7.1h  RSS 3.12GB cg 4.08GB
  21,504/59,780  1.51 items/s  남은 7.1h  RSS 3.08GB cg 4.07GB
  21,760/59,780  1.51 items/s  남은 7.0h  RSS 3.11GB cg 4.07GB
  22,016/59,780  1.51 items/s  남은 6.9h  RSS 3.11GB cg 4.04GB
  22,272/59,780  1.51 items/s  남은 6.9h  RSS 3.15GB cg 4.07GB
  22,528/59,780  1.51 items/s  남은 6.9h  RSS 3.15GB cg 4.07GB
  22,784/59,780  1.51 items/s  남은 6.8h  RSS 3.08GB cg 4.03GB
  23,040/59,780  1.51 items/s  남은 6.8h  RSS 3.09GB cg 4.04GB
  23,296/59,780  1.51 items/s  남은 6.7h  RSS 3.16GB cg 4.09GB
  23,552/59,780  1.51 items/s  남은 6.7h  RSS 3.11GB cg 4.06GB
  23,808/59,780  1.51 items/s  남은 6.6h  RSS 3.11GB cg 4.03GB
  24,064/59,780  1.51 items/s  남은 6.6h  RSS 3.11GB cg 4.05GB
  24,320/59,780  1.51 items/s  남은 6.5h  RSS 3.08GB cg 4.11GB
  24,576/59,780  1.51 items/s  남은 6.5h  RSS 3.11GB cg 4.02GB
  24,832/59,780  1.51 items/s  남은 6.4h  RSS 3.12GB cg 4.06GB
  25,088/59,780  1.52 items/s  남은 6.4h  RSS 3.11GB cg 4.11GB
  25,344/59,780  1.52 items/s  남은 6.3h  RSS 3.14GB cg 4.13GB
  25,600/59,780  1.52 items/s  남은 6.3h  RSS 3.14GB cg 4.11GB
  25,856/59,780  1.52 items/s  남은 6.2h  RSS 3.11GB cg 4.07GB
  26,112/59,780  1.52 items/s  남은 6.2h  RSS 3.11GB cg 4.04GB
  26,368/59,780  1.52 items/s  남은 6.1h  RSS 3.14GB cg 4.10GB
  26,624/59,780  1.52 items/s  남은 6.1h  RSS 3.10GB cg 4.05GB
  26,880/59,780  1.52 items/s  남은 6.0h  RSS 3.10GB cg 4.03GB
  27,136/59,780  1.52 items/s  남은 6.0h  RSS 3.17GB cg 4.18GB
  27,392/59,780  1.52 items/s  남은 5.9h  RSS 3.11GB cg 4.04GB
  27,648/59,780  1.52 items/s  남은 5.9h  RSS 3.09GB cg 3.99GB
  27,904/59,780  1.52 items/s  남은 5.8h  RSS 3.12GB cg 4.08GB
  28,160/59,780  1.52 items/s  남은 5.8h  RSS 3.12GB cg 4.08GB
  28,416/59,780  1.52 items/s  남은 5.7h  RSS 3.13GB cg 4.07GB
  28,672/59,780  1.52 items/s  남은 5.7h  RSS 3.11GB cg 4.07GB
  28,928/59,780  1.52 items/s  남은 5.6h  RSS 3.15GB cg 4.11GB
  29,184/59,780  1.53 items/s  남은 5.6h  RSS 3.12GB cg 4.08GB
  29,440/59,780  1.52 items/s  남은 5.5h  RSS 3.16GB cg 4.11GB
  29,696/59,780  1.52 items/s  남은 5.5h  RSS 3.13GB cg 4.05GB
  29,952/59,780  1.52 items/s  남은 5.4h  RSS 3.14GB cg 4.07GB
  30,208/59,780  1.53 items/s  남은 5.4h  RSS 3.16GB cg 4.12GB
  30,464/59,780  1.53 items/s  남은 5.3h  RSS 3.11GB cg 4.06GB
  30,720/59,780  1.53 items/s  남은 5.3h  RSS 3.11GB cg 4.08GB
  30,976/59,780  1.53 items/s  남은 5.2h  RSS 3.15GB cg 4.13GB
  31,232/59,780  1.53 items/s  남은 5.2h  RSS 3.15GB cg 4.12GB
  31,488/59,780  1.53 items/s  남은 5.1h  RSS 3.11GB cg 4.04GB
  31,744/59,780  1.53 items/s  남은 5.1h  RSS 3.15GB cg 4.08GB
  32,000/59,780  1.53 items/s  남은 5.0h  RSS 3.09GB cg 3.99GB
  32,256/59,780  1.54 items/s  남은 5.0h  RSS 3.14GB cg 4.07GB
  32,512/59,780  1.53 items/s  남은 4.9h  RSS 3.17GB cg 4.09GB
  32,768/59,780  1.53 items/s  남은 4.9h  RSS 3.15GB cg 4.12GB
  33,024/59,780  1.54 items/s  남은 4.8h  RSS 3.16GB cg 4.13GB
  33,280/59,780  1.54 items/s  남은 4.8h  RSS 3.15GB cg 4.10GB
  33,536/59,780  1.54 items/s  남은 4.7h  RSS 3.11GB cg 4.07GB
  33,792/59,780  1.54 items/s  남은 4.7h  RSS 3.14GB cg 4.11GB
  34,048/59,780  1.54 items/s  남은 4.6h  RSS 3.12GB cg 4.06GB
  34,304/59,780  1.54 items/s  남은 4.6h  RSS 3.13GB cg 4.05GB
  34,560/59,780  1.54 items/s  남은 4.5h  RSS 3.15GB cg 4.11GB
  34,816/59,780  1.55 items/s  남은 4.5h  RSS 3.12GB cg 4.04GB
  35,072/59,780  1.55 items/s  남은 4.4h  RSS 3.14GB cg 4.09GB
  35,328/59,780  1.55 items/s  남은 4.4h  RSS 3.11GB cg 4.04GB
  35,584/59,780  1.55 items/s  남은 4.3h  RSS 3.11GB cg 4.05GB
  35,840/59,780  1.56 items/s  남은 4.3h  RSS 3.10GB cg 4.00GB
  36,096/59,780  1.56 items/s  남은 4.2h  RSS 3.12GB cg 4.05GB
  36,352/59,780  1.56 items/s  남은 4.2h  RSS 3.09GB cg 4.11GB
  36,608/59,780  1.56 items/s  남은 4.1h  RSS 3.09GB cg 3.98GB
  36,864/59,780  1.56 items/s  남은 4.1h  RSS 3.11GB cg 4.07GB
  37,120/59,780  1.56 items/s  남은 4.0h  RSS 3.11GB cg 4.09GB
  37,376/59,780  1.57 items/s  남은 4.0h  RSS 3.11GB cg 4.05GB
  37,632/59,780  1.57 items/s  남은 3.9h  RSS 3.10GB cg 4.05GB
  37,888/59,780  1.57 items/s  남은 3.9h  RSS 3.12GB cg 4.04GB
  38,144/59,780  1.57 items/s  남은 3.8h  RSS 3.12GB cg 4.04GB
  38,400/59,780  1.57 items/s  남은 3.8h  RSS 3.12GB cg 4.06GB
  38,656/59,780  1.58 items/s  남은 3.7h  RSS 3.12GB cg 4.05GB
  38,912/59,780  1.58 items/s  남은 3.7h  RSS 3.13GB cg 4.06GB
  39,168/59,780  1.58 items/s  남은 3.6h  RSS 3.12GB cg 4.05GB
  39,424/59,780  1.58 items/s  남은 3.6h  RSS 3.10GB cg 4.02GB
  39,680/59,780  1.58 items/s  남은 3.5h  RSS 3.11GB cg 4.07GB
  39,936/59,780  1.59 items/s  남은 3.5h  RSS 3.14GB cg 4.10GB
  40,192/59,780  1.59 items/s  남은 3.4h  RSS 3.16GB cg 4.08GB
  40,448/59,780  1.59 items/s  남은 3.4h  RSS 3.12GB cg 4.06GB
  40,704/59,780  1.59 items/s  남은 3.3h  RSS 3.09GB cg 4.02GB
  40,960/59,780  1.59 items/s  남은 3.3h  RSS 3.12GB cg 4.08GB
  41,216/59,780  1.60 items/s  남은 3.2h  RSS 3.10GB cg 4.00GB
  41,472/59,780  1.60 items/s  남은 3.2h  RSS 3.17GB cg 4.11GB
  41,728/59,780  1.60 items/s  남은 3.1h  RSS 3.13GB cg 4.06GB
  41,984/59,780  1.60 items/s  남은 3.1h  RSS 3.15GB cg 4.08GB
  42,240/59,780  1.60 items/s  남은 3.0h  RSS 3.11GB cg 4.06GB
  42,496/59,780  1.61 items/s  남은 3.0h  RSS 3.13GB cg 4.05GB
  42,752/59,780  1.61 items/s  남은 2.9h  RSS 3.14GB cg 4.10GB
  43,008/59,780  1.61 items/s  남은 2.9h  RSS 3.16GB cg 4.10GB
  43,264/59,780  1.61 items/s  남은 2.8h  RSS 3.15GB cg 4.07GB
  43,520/59,780  1.61 items/s  남은 2.8h  RSS 3.14GB cg 4.13GB
  43,776/59,780  1.62 items/s  남은 2.8h  RSS 3.15GB cg 4.06GB
  44,032/59,780  1.62 items/s  남은 2.7h  RSS 3.12GB cg 4.02GB
  44,288/59,780  1.62 items/s  남은 2.7h  RSS 3.17GB cg 4.15GB
  44,544/59,780  1.62 items/s  남은 2.6h  RSS 3.16GB cg 4.07GB
  44,800/59,780  1.62 items/s  남은 2.6h  RSS 3.15GB cg 4.09GB
  45,056/59,780  1.63 items/s  남은 2.5h  RSS 3.12GB cg 4.03GB
  45,312/59,780  1.63 items/s  남은 2.5h  RSS 3.13GB cg 4.04GB
  45,568/59,780  1.63 items/s  남은 2.4h  RSS 3.13GB cg 4.07GB
  45,824/59,780  1.63 items/s  남은 2.4h  RSS 3.12GB cg 4.07GB
  46,080/59,780  1.63 items/s  남은 2.3h  RSS 3.12GB cg 4.04GB
  46,336/59,780  1.64 items/s  남은 2.3h  RSS 3.16GB cg 4.11GB
  46,592/59,780  1.64 items/s  남은 2.2h  RSS 3.17GB cg 4.12GB
  46,848/59,780  1.64 items/s  남은 2.2h  RSS 3.12GB cg 4.03GB
  47,104/59,780  1.64 items/s  남은 2.1h  RSS 3.12GB cg 4.16GB
  47,360/59,780  1.64 items/s  남은 2.1h  RSS 3.13GB cg 4.09GB
  47,616/59,780  1.65 items/s  남은 2.1h  RSS 3.12GB cg 4.12GB
  47,872/59,780  1.65 items/s  남은 2.0h  RSS 3.15GB cg 4.10GB
  48,128/59,780  1.65 items/s  남은 2.0h  RSS 3.10GB cg 4.01GB
  48,384/59,780  1.65 items/s  남은 1.9h  RSS 3.09GB cg 4.06GB
  48,640/59,780  1.65 items/s  남은 1.9h  RSS 3.12GB cg 4.04GB
  48,896/59,780  1.65 items/s  남은 1.8h  RSS 3.10GB cg 4.03GB
  49,152/59,780  1.66 items/s  남은 1.8h  RSS 3.12GB cg 4.08GB
  49,408/59,780  1.66 items/s  남은 1.7h  RSS 3.12GB cg 4.08GB
  49,664/59,780  1.66 items/s  남은 1.7h  RSS 3.11GB cg 4.08GB
  49,920/59,780  1.66 items/s  남은 1.7h  RSS 3.12GB cg 4.08GB
  50,176/59,780  1.66 items/s  남은 1.6h  RSS 3.12GB cg 4.06GB
  50,432/59,780  1.66 items/s  남은 1.6h  RSS 3.10GB cg 4.03GB
  50,688/59,780  1.66 items/s  남은 1.5h  RSS 3.12GB cg 4.10GB
  50,944/59,780  1.66 items/s  남은 1.5h  RSS 3.12GB cg 4.06GB
  51,200/59,780  1.67 items/s  남은 1.4h  RSS 3.12GB cg 4.04GB
  51,456/59,780  1.67 items/s  남은 1.4h  RSS 3.15GB cg 4.08GB
  51,712/59,780  1.67 items/s  남은 1.3h  RSS 3.15GB cg 4.12GB
  51,968/59,780  1.67 items/s  남은 1.3h  RSS 3.09GB cg 4.01GB
  52,224/59,780  1.67 items/s  남은 1.3h  RSS 3.13GB cg 4.08GB
  52,480/59,780  1.67 items/s  남은 1.2h  RSS 3.12GB cg 4.08GB
  52,736/59,780  1.67 items/s  남은 1.2h  RSS 3.12GB cg 4.05GB
  52,992/59,780  1.67 items/s  남은 1.1h  RSS 3.13GB cg 4.06GB
  53,248/59,780  1.67 items/s  남은 1.1h  RSS 3.10GB cg 4.02GB
  53,504/59,780  1.67 items/s  남은 1.0h  RSS 3.12GB cg 4.03GB
  53,760/59,780  1.68 items/s  남은 1.0h  RSS 3.12GB cg 4.08GB
  54,016/59,780  1.68 items/s  남은 1.0h  RSS 3.16GB cg 4.09GB
  54,272/59,780  1.68 items/s  남은 0.9h  RSS 3.12GB cg 4.14GB
  54,528/59,780  1.68 items/s  남은 0.9h  RSS 3.16GB cg 4.13GB
  54,784/59,780  1.68 items/s  남은 0.8h  RSS 3.13GB cg 4.10GB
  55,040/59,780  1.68 items/s  남은 0.8h  RSS 3.14GB cg 4.11GB
  55,296/59,780  1.68 items/s  남은 0.7h  RSS 3.12GB cg 4.06GB
  55,552/59,780  1.69 items/s  남은 0.7h  RSS 3.13GB cg 4.09GB
  55,808/59,780  1.69 items/s  남은 0.7h  RSS 3.13GB cg 4.06GB
  56,064/59,780  1.69 items/s  남은 0.6h  RSS 3.16GB cg 4.10GB
  56,320/59,780  1.69 items/s  남은 0.6h  RSS 3.12GB cg 4.08GB
  56,576/59,780  1.69 items/s  남은 0.5h  RSS 3.15GB cg 4.09GB
  56,832/59,780  1.69 items/s  남은 0.5h  RSS 3.17GB cg 4.08GB
  57,088/59,780  1.69 items/s  남은 0.4h  RSS 3.13GB cg 4.06GB
  57,344/59,780  1.70 items/s  남은 0.4h  RSS 3.17GB cg 4.11GB
  57,600/59,780  1.70 items/s  남은 0.4h  RSS 3.12GB cg 4.04GB
  57,856/59,780  1.70 items/s  남은 0.3h  RSS 3.12GB cg 4.07GB
  58,112/59,780  1.70 items/s  남은 0.3h  RSS 3.13GB cg 4.06GB
  58,368/59,780  1.70 items/s  남은 0.2h  RSS 3.13GB cg 4.08GB
  58,624/59,780  1.70 items/s  남은 0.2h  RSS 3.13GB cg 4.10GB
  58,880/59,780  1.70 items/s  남은 0.1h  RSS 3.16GB cg 4.11GB
  59,136/59,780  1.71 items/s  남은 0.1h  RSS 3.14GB cg 4.09GB
  59,392/59,780  1.71 items/s  남은 0.1h  RSS 3.18GB cg 4.14GB
  59,648/59,780  1.71 items/s  남은 0.0h  RSS 3.15GB cg 4.05GB
  59,780/59,780  1.71 items/s  남은 0.0h  RSS 3.20GB cg 4.17GB
저장 /home/ubuntu/-AOD-All-of-Dopamine-AI/recommendation/tmdb/artifacts/tmdb_v1  (59,780, 1024)
